#! /c/Source/iverilog-install/bin/vvp
:ivl_version "12.0 (devel)" "(s20150603-1539-g2693dd32b)";
:ivl_delay_selection "TYPICAL";
:vpi_time_precision - 12;
:vpi_module "C:\iverilog\lib\ivl\system.vpi";
:vpi_module "C:\iverilog\lib\ivl\vhdl_sys.vpi";
:vpi_module "C:\iverilog\lib\ivl\vhdl_textio.vpi";
:vpi_module "C:\iverilog\lib\ivl\v2005_math.vpi";
:vpi_module "C:\iverilog\lib\ivl\va_math.vpi";
S_000001b415a65200 .scope module, "tb_i2c_slave" "tb_i2c_slave" 2 6;
 .timescale -9 -12;
P_000001b415a5d500 .param/l "HALF" 0 2 86, +C4<00000000000000000000000011001000>;
L_000001b415a60cd0 .functor OR 1, v000001b415aca630_0, v000001b415ac98e0_0, C4<0>, C4<0>;
v000001b415acb670_0 .net *"_ivl_1", 0 0, L_000001b415a60cd0;  1 drivers
L_000001b415acc0f8 .functor BUFT 1, C4<0>, C4<0>, C4<0>, C4<0>;
v000001b415aca130_0 .net/2u *"_ivl_2", 0 0, L_000001b415acc0f8;  1 drivers
L_000001b415acc140 .functor BUFT 1, C4<1>, C4<0>, C4<0>, C4<0>;
v000001b415acb710_0 .net/2u *"_ivl_4", 0 0, L_000001b415acc140;  1 drivers
v000001b415acb850_0 .var "clk", 0 0;
v000001b415aca4f0_0 .var "fault_status", 7 0;
v000001b415acb210_0 .var "fsm_state", 2 0;
v000001b415aca590_0 .net "hb_timeout", 15 0, L_000001b415b19be0;  1 drivers
v000001b415acb2b0_0 .var "hb_timeout_dflt", 15 0;
v000001b415acabd0_0 .net "hyst", 7 0, L_000001b415aca9f0;  1 drivers
v000001b415acbb70_0 .var "hyst_dflt", 7 0;
v000001b415acab30_0 .var "mode", 0 0;
v000001b415aca6d0_0 .var "rst_n", 0 0;
v000001b415acb990_0 .var "rval", 7 0;
v000001b415acaf90_0 .var "scl", 0 0;
v000001b415acb350_0 .net "sda", 0 0, L_000001b415aca950;  1 drivers
v000001b415aca630_0 .var "sda_drive", 0 0;
v000001b415acb7b0_0 .net "sda_oe", 0 0, v000001b415ac98e0_0;  1 drivers
v000001b415acbad0_0 .net "v_ref_oc_a", 7 0, L_000001b415aca3b0;  1 drivers
v000001b415acadb0_0 .var "v_ref_oc_a_dflt", 7 0;
v000001b415acaef0_0 .net "v_ref_oc_b", 7 0, L_000001b415acad10;  1 drivers
v000001b415acbc10_0 .var "v_ref_oc_b_dflt", 7 0;
v000001b415acba30_0 .net "v_ref_ot", 7 0, L_000001b415aca810;  1 drivers
v000001b415acae50_0 .var "v_ref_ot_dflt", 7 0;
v000001b415acb3f0_0 .net "v_ref_ov_a", 7 0, L_000001b415acbf30;  1 drivers
v000001b415acbcb0_0 .var "v_ref_ov_a_dflt", 7 0;
v000001b415aca8b0_0 .net "v_ref_ov_b", 7 0, L_000001b415aca770;  1 drivers
v000001b415acb0d0_0 .var "v_ref_ov_b_dflt", 7 0;
v000001b415aca310_0 .net "v_ref_uv_a", 7 0, L_000001b415acbdf0;  1 drivers
v000001b415acb490_0 .var "v_ref_uv_a_dflt", 7 0;
v000001b415acb530_0 .net "v_ref_uv_b", 7 0, L_000001b415acbe90;  1 drivers
v000001b415aca270_0 .var "v_ref_uv_b_dflt", 7 0;
E_000001b415a5cac0 .event anyedge, v000001b415ac9200_0;
E_000001b415a5d300 .event posedge, v000001b415ac9160_0;
E_000001b415a5d540 .event anyedge, v000001b415ac9840_0;
E_000001b415a5ce80 .event posedge, v000001b415ac9980_0;
L_000001b415aca950 .functor MUXZ 1, L_000001b415acc140, L_000001b415acc0f8, L_000001b415a60cd0, C4<>;
S_000001b415a69a30 .scope module, "DUT" "i2c_slave" 2 37, 3 7 0, S_000001b415a65200;
 .timescale -9 -12;
    .port_info 0 /INPUT 1 "clk";
    .port_info 1 /INPUT 1 "rst_n";
    .port_info 2 /INPUT 1 "mode";
    .port_info 3 /INPUT 1 "scl";
    .port_info 4 /INPUT 1 "sda";
    .port_info 5 /INPUT 8 "v_ref_oc_a_dflt";
    .port_info 6 /INPUT 8 "v_ref_oc_b_dflt";
    .port_info 7 /INPUT 8 "v_ref_uv_a_dflt";
    .port_info 8 /INPUT 8 "v_ref_uv_b_dflt";
    .port_info 9 /INPUT 8 "v_ref_ov_a_dflt";
    .port_info 10 /INPUT 8 "v_ref_ov_b_dflt";
    .port_info 11 /INPUT 8 "v_ref_ot_dflt";
    .port_info 12 /INPUT 8 "hyst_dflt";
    .port_info 13 /INPUT 16 "hb_timeout_dflt";
    .port_info 14 /INPUT 8 "fault_status";
    .port_info 15 /INPUT 3 "fsm_state";
    .port_info 16 /OUTPUT 8 "v_ref_oc_a";
    .port_info 17 /OUTPUT 8 "v_ref_oc_b";
    .port_info 18 /OUTPUT 8 "v_ref_uv_a";
    .port_info 19 /OUTPUT 8 "v_ref_uv_b";
    .port_info 20 /OUTPUT 8 "v_ref_ov_a";
    .port_info 21 /OUTPUT 8 "v_ref_ov_b";
    .port_info 22 /OUTPUT 8 "v_ref_ot";
    .port_info 23 /OUTPUT 8 "hyst";
    .port_info 24 /OUTPUT 16 "hb_timeout";
    .port_info 25 /OUTPUT 1 "sda_oe";
P_000001b415a719f0 .param/l "I2C_ADDR" 1 3 51, C4<0001>;
P_000001b415a71a28 .param/l "I2C_ADDR_ACK" 1 3 52, C4<0010>;
P_000001b415a71a60 .param/l "I2C_DATA_ACK" 1 3 56, C4<0110>;
P_000001b415a71a98 .param/l "I2C_DATA_R" 1 3 57, C4<0111>;
P_000001b415a71ad0 .param/l "I2C_DATA_W" 1 3 55, C4<0101>;
P_000001b415a71b08 .param/l "I2C_IDLE" 1 3 50, C4<0000>;
P_000001b415a71b40 .param/l "I2C_READ_ACK" 1 3 58, C4<1000>;
P_000001b415a71b78 .param/l "I2C_REG" 1 3 53, C4<0011>;
P_000001b415a71bb0 .param/l "I2C_REG_ACK" 1 3 54, C4<0100>;
P_000001b415a71be8 .param/l "MY_ADDR" 1 3 48, C4<1001000>;
L_000001b415a60aa0 .functor AND 1, L_000001b415acac70, v000001b415acaf90_0, C4<1>, C4<1>;
L_000001b415a60d40 .functor AND 1, v000001b415ac8ee0_0, L_000001b415acb5d0, C4<1>, C4<1>;
L_000001b415a61050 .functor AND 1, v000001b415acaf90_0, v000001b415ac9480_0, C4<1>, C4<1>;
L_000001b415a60e20 .functor AND 1, L_000001b415a61050, L_000001b415aca1d0, C4<1>, C4<1>;
L_000001b415a60f00 .functor AND 1, v000001b415acaf90_0, L_000001b415acbd50, C4<1>, C4<1>;
L_000001b415a60b80 .functor AND 1, L_000001b415a60f00, L_000001b415aca950, C4<1>, C4<1>;
v000001b415a4f910_0 .net *"_ivl_1", 0 0, L_000001b415acac70;  1 drivers
v000001b415a50090_0 .net *"_ivl_11", 0 0, L_000001b415aca1d0;  1 drivers
v000001b415a4fe10_0 .net *"_ivl_15", 0 0, L_000001b415acbd50;  1 drivers
v000001b415a503b0_0 .net *"_ivl_17", 0 0, L_000001b415a60f00;  1 drivers
v000001b415a501d0_0 .net *"_ivl_46", 15 0, L_000001b415acaa90;  1 drivers
v000001b415a4f550_0 .net *"_ivl_5", 0 0, L_000001b415acb5d0;  1 drivers
v000001b415a4fff0_0 .net *"_ivl_9", 0 0, L_000001b415a61050;  1 drivers
v000001b415a4f870_0 .var "bit_cnt", 2 0;
v000001b415a4f5f0_0 .net "clk", 0 0, v000001b415acb850_0;  1 drivers
v000001b415a4fc30_0 .net "fault_status", 7 0, v000001b415aca4f0_0;  1 drivers
v000001b415a4faf0_0 .net "fsm_state", 2 0, v000001b415acb210_0;  1 drivers
v000001b415a50130_0 .net "hb_timeout", 15 0, L_000001b415b19be0;  alias, 1 drivers
v000001b415a4f730_0 .net "hb_timeout_dflt", 15 0, v000001b415acb2b0_0;  1 drivers
v000001b415a4fb90_0 .net "hyst", 7 0, L_000001b415aca9f0;  alias, 1 drivers
v000001b415a4feb0_0 .net "hyst_dflt", 7 0, v000001b415acbb70_0;  1 drivers
v000001b415ac9840_0 .var "i2c_state", 3 0;
v000001b415ac8800_0 .var "ignore_cnt", 2 0;
v000001b415ac9b60_0 .var "ignore_stop", 0 0;
v000001b415ac9ca0_0 .net "mode", 0 0, v000001b415acab30_0;  1 drivers
v000001b415ac9660_0 .var "read_bit_cnt", 2 0;
v000001b415ac9fc0_0 .var "read_data", 7 0;
v000001b415ac8760_0 .var "read_shift", 7 0;
v000001b415ac9700_0 .var "reg_addr", 3 0;
v000001b415ac93e0 .array "registers", 13 0, 7 0;
v000001b415ac97a0_0 .net "rst_n", 0 0, v000001b415aca6d0_0;  1 drivers
v000001b415ac8e40_0 .var "rw", 0 0;
v000001b415ac8a80_0 .var "rx_byte", 7 0;
v000001b415ac9a20_0 .net "scl", 0 0, v000001b415acaf90_0;  1 drivers
v000001b415ac88a0_0 .net "scl_falling", 0 0, L_000001b415a60d40;  1 drivers
v000001b415ac8ee0_0 .var "scl_prev", 0 0;
v000001b415ac9160_0 .net "scl_rising", 0 0, L_000001b415a60aa0;  1 drivers
v000001b415ac8440_0 .net "sda", 0 0, L_000001b415aca950;  alias, 1 drivers
v000001b415ac98e0_0 .var "sda_oe", 0 0;
v000001b415ac9480_0 .var "sda_prev", 0 0;
v000001b415ac8260_0 .var "shift_reg", 7 0;
v000001b415ac9200_0 .net "start_det", 0 0, L_000001b415a60e20;  1 drivers
v000001b415ac8f80_0 .net "stop_det", 0 0, L_000001b415a60b80;  1 drivers
v000001b415ac9980_0 .var "transaction_complete", 0 0;
v000001b415ac92a0_0 .net "v_ref_oc_a", 7 0, L_000001b415aca3b0;  alias, 1 drivers
v000001b415ac9340_0 .net "v_ref_oc_a_dflt", 7 0, v000001b415acadb0_0;  1 drivers
v000001b415ac9520_0 .net "v_ref_oc_b", 7 0, L_000001b415acad10;  alias, 1 drivers
v000001b415ac9de0_0 .net "v_ref_oc_b_dflt", 7 0, v000001b415acbc10_0;  1 drivers
v000001b415ac8300_0 .net "v_ref_ot", 7 0, L_000001b415aca810;  alias, 1 drivers
v000001b415ac8940_0 .net "v_ref_ot_dflt", 7 0, v000001b415acae50_0;  1 drivers
v000001b415ac89e0_0 .net "v_ref_ov_a", 7 0, L_000001b415acbf30;  alias, 1 drivers
v000001b415ac9c00_0 .net "v_ref_ov_a_dflt", 7 0, v000001b415acbcb0_0;  1 drivers
v000001b415ac8620_0 .net "v_ref_ov_b", 7 0, L_000001b415aca770;  alias, 1 drivers
v000001b415ac9ac0_0 .net "v_ref_ov_b_dflt", 7 0, v000001b415acb0d0_0;  1 drivers
v000001b415ac9e80_0 .net "v_ref_uv_a", 7 0, L_000001b415acbdf0;  alias, 1 drivers
v000001b415ac8580_0 .net "v_ref_uv_a_dflt", 7 0, v000001b415acb490_0;  1 drivers
v000001b415ac95c0_0 .net "v_ref_uv_b", 7 0, L_000001b415acbe90;  alias, 1 drivers
v000001b415ac9d40_0 .net "v_ref_uv_b_dflt", 7 0, v000001b415aca270_0;  1 drivers
E_000001b415a5d5c0/0 .event negedge, v000001b415ac97a0_0;
E_000001b415a5d5c0/1 .event posedge, v000001b415a4f5f0_0;
E_000001b415a5d5c0 .event/or E_000001b415a5d5c0/0, E_000001b415a5d5c0/1;
v000001b415ac93e0_0 .array/port v000001b415ac93e0, 0;
E_000001b415a5d780/0 .event anyedge, v000001b415ac9700_0, v000001b415a4fc30_0, v000001b415a4faf0_0, v000001b415ac93e0_0;
v000001b415ac93e0_1 .array/port v000001b415ac93e0, 1;
v000001b415ac93e0_2 .array/port v000001b415ac93e0, 2;
v000001b415ac93e0_3 .array/port v000001b415ac93e0, 3;
v000001b415ac93e0_4 .array/port v000001b415ac93e0, 4;
E_000001b415a5d780/1 .event anyedge, v000001b415ac93e0_1, v000001b415ac93e0_2, v000001b415ac93e0_3, v000001b415ac93e0_4;
v000001b415ac93e0_5 .array/port v000001b415ac93e0, 5;
v000001b415ac93e0_6 .array/port v000001b415ac93e0, 6;
v000001b415ac93e0_7 .array/port v000001b415ac93e0, 7;
v000001b415ac93e0_8 .array/port v000001b415ac93e0, 8;
E_000001b415a5d780/2 .event anyedge, v000001b415ac93e0_5, v000001b415ac93e0_6, v000001b415ac93e0_7, v000001b415ac93e0_8;
v000001b415ac93e0_9 .array/port v000001b415ac93e0, 9;
v000001b415ac93e0_10 .array/port v000001b415ac93e0, 10;
v000001b415ac93e0_11 .array/port v000001b415ac93e0, 11;
v000001b415ac93e0_12 .array/port v000001b415ac93e0, 12;
E_000001b415a5d780/3 .event anyedge, v000001b415ac93e0_9, v000001b415ac93e0_10, v000001b415ac93e0_11, v000001b415ac93e0_12;
v000001b415ac93e0_13 .array/port v000001b415ac93e0, 13;
E_000001b415a5d780/4 .event anyedge, v000001b415ac93e0_13;
E_000001b415a5d780 .event/or E_000001b415a5d780/0, E_000001b415a5d780/1, E_000001b415a5d780/2, E_000001b415a5d780/3, E_000001b415a5d780/4;
L_000001b415acac70 .reduce/nor v000001b415ac8ee0_0;
L_000001b415acb5d0 .reduce/nor v000001b415acaf90_0;
L_000001b415aca1d0 .reduce/nor L_000001b415aca950;
L_000001b415acbd50 .reduce/nor v000001b415ac9480_0;
L_000001b415aca3b0 .functor MUXZ 8, v000001b415acadb0_0, v000001b415ac93e0_0, v000001b415acab30_0, C4<>;
L_000001b415acad10 .functor MUXZ 8, v000001b415acbc10_0, v000001b415ac93e0_1, v000001b415acab30_0, C4<>;
L_000001b415acbdf0 .functor MUXZ 8, v000001b415acb490_0, v000001b415ac93e0_2, v000001b415acab30_0, C4<>;
L_000001b415acbe90 .functor MUXZ 8, v000001b415aca270_0, v000001b415ac93e0_3, v000001b415acab30_0, C4<>;
L_000001b415acbf30 .functor MUXZ 8, v000001b415acbcb0_0, v000001b415ac93e0_4, v000001b415acab30_0, C4<>;
L_000001b415aca770 .functor MUXZ 8, v000001b415acb0d0_0, v000001b415ac93e0_5, v000001b415acab30_0, C4<>;
L_000001b415aca810 .functor MUXZ 8, v000001b415acae50_0, v000001b415ac93e0_6, v000001b415acab30_0, C4<>;
L_000001b415aca9f0 .functor MUXZ 8, v000001b415acbb70_0, v000001b415ac93e0_7, v000001b415acab30_0, C4<>;
L_000001b415acaa90 .concat [ 8 8 0 0], v000001b415ac93e0_8, v000001b415ac93e0_9;
L_000001b415b19be0 .functor MUXZ 16, v000001b415acb2b0_0, L_000001b415acaa90, v000001b415acab30_0, C4<>;
S_000001b415a26fe0 .scope task, "i2c_read" "i2c_read" 2 189, 2 189 0, S_000001b415a65200;
 .timescale -9 -12;
v000001b415ac8c60_0 .var "ack1", 0 0;
v000001b415ac9f20_0 .var "ack2", 0 0;
v000001b415ac8bc0_0 .var "addr", 6 0;
v000001b415ac9020_0 .var "data", 7 0;
v000001b415ac83a0_0 .var "reg_a", 3 0;
TD_tb_i2c_slave.i2c_read ;
    %vpi_call 2 195 "$display", "  READ  addr=0x%02h reg=0x%01h", v000001b415ac8bc0_0, v000001b415ac83a0_0 {0 0 0};
    %fork TD_tb_i2c_slave.i2c_start, S_000001b4159c24d0;
    %join;
    %load/vec4 v000001b415ac8bc0_0;
    %concati/vec4 0, 0, 1;
    %store/vec4 v000001b415ac86c0_0, 0, 8;
    %fork TD_tb_i2c_slave.i2c_send_byte, S_000001b415a75920;
    %join;
    %load/vec4 v000001b415ac8d00_0;
    %store/vec4 v000001b415ac8c60_0, 0, 1;
    %pushi/vec4 0, 0, 4;
    %load/vec4 v000001b415ac83a0_0;
    %concat/vec4; draw_concat_vec4
    %store/vec4 v000001b415ac86c0_0, 0, 8;
    %fork TD_tb_i2c_slave.i2c_send_byte, S_000001b415a75920;
    %join;
    %load/vec4 v000001b415ac8d00_0;
    %store/vec4 v000001b415ac9f20_0, 0, 1;
    %fork TD_tb_i2c_slave.i2c_start, S_000001b4159c24d0;
    %join;
    %load/vec4 v000001b415ac8bc0_0;
    %concati/vec4 1, 0, 1;
    %store/vec4 v000001b415ac86c0_0, 0, 8;
    %fork TD_tb_i2c_slave.i2c_send_byte, S_000001b415a75920;
    %join;
    %load/vec4 v000001b415ac8d00_0;
    %store/vec4 v000001b415ac8c60_0, 0, 1;
    %pushi/vec4 0, 0, 1;
    %store/vec4 v000001b415ac81c0_0, 0, 1;
    %fork TD_tb_i2c_slave.i2c_read_byte, S_000001b415a75600;
    %join;
    %load/vec4 v000001b415ac90c0_0;
    %store/vec4 v000001b415ac9020_0, 0, 8;
    %fork TD_tb_i2c_slave.i2c_stop, S_000001b4159c2660;
    %join;
    %vpi_call 2 203 "$display", "  data=0x%02h", v000001b415ac9020_0 {0 0 0};
    %delay 800000, 0;
    %end;
S_000001b415a75600 .scope task, "i2c_read_byte" "i2c_read_byte" 2 144, 2 144 0, S_000001b415a65200;
 .timescale -9 -12;
v000001b415ac90c0_0 .var "data", 7 0;
v000001b415ac8120_0 .var/i "j", 31 0;
v000001b415ac81c0_0 .var "send_ack", 0 0;
TD_tb_i2c_slave.i2c_read_byte ;
    %pushi/vec4 0, 0, 1;
    %store/vec4 v000001b415aca630_0, 0, 1;
    %pushi/vec4 0, 0, 8;
    %store/vec4 v000001b415ac90c0_0, 0, 8;
    %pushi/vec4 7, 0, 32;
    %store/vec4 v000001b415ac8120_0, 0, 32;
T_1.0 ;
    %load/vec4 v000001b415ac8120_0;
    %cmpi/s 0, 0, 32;
    %flag_inv 5; GE is !LT
    %jmp/0xz T_1.1, 5;
    %pushi/vec4 0, 0, 1;
    %store/vec4 v000001b415acaf90_0, 0, 1;
    %delay 200000, 0;
    %pushi/vec4 1, 0, 1;
    %store/vec4 v000001b415acaf90_0, 0, 1;
    %load/vec4 v000001b415acb350_0;
    %ix/getv/s 4, v000001b415ac8120_0;
    %store/vec4 v000001b415ac90c0_0, 4, 1;
    %delay 200000, 0;
    %pushi/vec4 0, 0, 1;
    %store/vec4 v000001b415acaf90_0, 0, 1;
    %delay 200000, 0;
    %load/vec4 v000001b415ac8120_0;
    %subi 1, 0, 32;
    %store/vec4 v000001b415ac8120_0, 0, 32;
    %jmp T_1.0;
T_1.1 ;
    %load/vec4 v000001b415ac81c0_0;
    %flag_set/vec4 8;
    %jmp/0 T_1.2, 8;
    %pushi/vec4 1, 0, 1;
    %jmp/1 T_1.3, 8;
T_1.2 ; End of true expr.
    %pushi/vec4 0, 0, 1;
    %jmp/0 T_1.3, 8;
 ; End of false expr.
    %blend;
T_1.3;
    %store/vec4 v000001b415aca630_0, 0, 1;
    %pushi/vec4 0, 0, 1;
    %store/vec4 v000001b415acaf90_0, 0, 1;
    %delay 200000, 0;
    %pushi/vec4 1, 0, 1;
    %store/vec4 v000001b415acaf90_0, 0, 1;
    %delay 200000, 0;
    %pushi/vec4 0, 0, 1;
    %store/vec4 v000001b415acaf90_0, 0, 1;
    %delay 200000, 0;
    %pushi/vec4 0, 0, 1;
    %store/vec4 v000001b415aca630_0, 0, 1;
    %end;
S_000001b415a75790 .scope task, "i2c_send_bit" "i2c_send_bit" 2 112, 2 112 0, S_000001b415a65200;
 .timescale -9 -12;
v000001b415ac84e0_0 .var "send_val", 0 0;
TD_tb_i2c_slave.i2c_send_bit ;
    %pushi/vec4 0, 0, 1;
    %store/vec4 v000001b415acaf90_0, 0, 1;
    %load/vec4 v000001b415ac84e0_0;
    %flag_set/vec4 8;
    %jmp/0 T_2.4, 8;
    %pushi/vec4 0, 0, 1;
    %jmp/1 T_2.5, 8;
T_2.4 ; End of true expr.
    %pushi/vec4 1, 0, 1;
    %jmp/0 T_2.5, 8;
 ; End of false expr.
    %blend;
T_2.5;
    %store/vec4 v000001b415aca630_0, 0, 1;
    %delay 200000, 0;
    %pushi/vec4 1, 0, 1;
    %store/vec4 v000001b415acaf90_0, 0, 1;
    %delay 200000, 0;
    %pushi/vec4 0, 0, 1;
    %store/vec4 v000001b415acaf90_0, 0, 1;
    %delay 200000, 0;
    %end;
S_000001b415a75920 .scope task, "i2c_send_byte" "i2c_send_byte" 2 125, 2 125 0, S_000001b415a65200;
 .timescale -9 -12;
v000001b415ac8d00_0 .var "ack_received", 0 0;
v000001b415ac86c0_0 .var "data", 7 0;
v000001b415ac8b20_0 .var/i "j", 31 0;
TD_tb_i2c_slave.i2c_send_byte ;
    %pushi/vec4 7, 0, 32;
    %store/vec4 v000001b415ac8b20_0, 0, 32;
T_3.6 ;
    %load/vec4 v000001b415ac8b20_0;
    %cmpi/s 0, 0, 32;
    %flag_inv 5; GE is !LT
    %jmp/0xz T_3.7, 5;
    %load/vec4 v000001b415ac86c0_0;
    %load/vec4 v000001b415ac8b20_0;
    %part/s 1;
    %store/vec4 v000001b415ac84e0_0, 0, 1;
    %fork TD_tb_i2c_slave.i2c_send_bit, S_000001b415a75790;
    %join;
    %load/vec4 v000001b415ac8b20_0;
    %subi 1, 0, 32;
    %store/vec4 v000001b415ac8b20_0, 0, 32;
    %jmp T_3.6;
T_3.7 ;
    %pushi/vec4 0, 0, 1;
    %store/vec4 v000001b415aca630_0, 0, 1;
    %pushi/vec4 0, 0, 1;
    %store/vec4 v000001b415acaf90_0, 0, 1;
    %delay 200000, 0;
    %pushi/vec4 1, 0, 1;
    %store/vec4 v000001b415acaf90_0, 0, 1;
    %load/vec4 v000001b415acb350_0;
    %pushi/vec4 0, 0, 1;
    %cmp/e;
    %flag_get/vec4 6;
    %store/vec4 v000001b415ac8d00_0, 0, 1;
    %delay 200000, 0;
    %pushi/vec4 0, 0, 1;
    %store/vec4 v000001b415acaf90_0, 0, 1;
    %delay 200000, 0;
    %end;
S_000001b4159c24d0 .scope task, "i2c_start" "i2c_start" 2 88, 2 88 0, S_000001b415a65200;
 .timescale -9 -12;
TD_tb_i2c_slave.i2c_start ;
    %pushi/vec4 0, 0, 1;
    %store/vec4 v000001b415aca630_0, 0, 1;
    %pushi/vec4 1, 0, 1;
    %store/vec4 v000001b415acaf90_0, 0, 1;
    %delay 200000, 0;
    %pushi/vec4 1, 0, 1;
    %store/vec4 v000001b415aca630_0, 0, 1;
    %delay 200000, 0;
    %pushi/vec4 0, 0, 1;
    %store/vec4 v000001b415acaf90_0, 0, 1;
    %delay 200000, 0;
    %end;
S_000001b4159c2660 .scope task, "i2c_stop" "i2c_stop" 2 100, 2 100 0, S_000001b415a65200;
 .timescale -9 -12;
TD_tb_i2c_slave.i2c_stop ;
    %pushi/vec4 1, 0, 1;
    %store/vec4 v000001b415aca630_0, 0, 1;
    %pushi/vec4 0, 0, 1;
    %store/vec4 v000001b415acaf90_0, 0, 1;
    %delay 200000, 0;
    %pushi/vec4 1, 0, 1;
    %store/vec4 v000001b415acaf90_0, 0, 1;
    %delay 200000, 0;
    %pushi/vec4 0, 0, 1;
    %store/vec4 v000001b415aca630_0, 0, 1;
    %delay 200000, 0;
    %end;
S_000001b4159c27f0 .scope task, "i2c_write" "i2c_write" 2 171, 2 171 0, S_000001b415a65200;
 .timescale -9 -12;
v000001b415ac8da0_0 .var "ack1", 0 0;
v000001b415acbfd0_0 .var "ack2", 0 0;
v000001b415acb030_0 .var "ack3", 0 0;
v000001b415acb170_0 .var "addr", 6 0;
v000001b415aca450_0 .var "data", 7 0;
v000001b415acb8f0_0 .var "reg_a", 3 0;
TD_tb_i2c_slave.i2c_write ;
    %vpi_call 2 177 "$display", "  WRITE addr=0x%02h reg=0x%01h data=0x%02h", v000001b415acb170_0, v000001b415acb8f0_0, v000001b415aca450_0 {0 0 0};
    %fork TD_tb_i2c_slave.i2c_start, S_000001b4159c24d0;
    %join;
    %load/vec4 v000001b415acb170_0;
    %concati/vec4 0, 0, 1;
    %store/vec4 v000001b415ac86c0_0, 0, 8;
    %fork TD_tb_i2c_slave.i2c_send_byte, S_000001b415a75920;
    %join;
    %load/vec4 v000001b415ac8d00_0;
    %store/vec4 v000001b415ac8da0_0, 0, 1;
    %pushi/vec4 0, 0, 4;
    %load/vec4 v000001b415acb8f0_0;
    %concat/vec4; draw_concat_vec4
    %store/vec4 v000001b415ac86c0_0, 0, 8;
    %fork TD_tb_i2c_slave.i2c_send_byte, S_000001b415a75920;
    %join;
    %load/vec4 v000001b415ac8d00_0;
    %store/vec4 v000001b415acbfd0_0, 0, 1;
    %load/vec4 v000001b415aca450_0;
    %store/vec4 v000001b415ac86c0_0, 0, 8;
    %fork TD_tb_i2c_slave.i2c_send_byte, S_000001b415a75920;
    %join;
    %load/vec4 v000001b415ac8d00_0;
    %store/vec4 v000001b415acb030_0, 0, 1;
    %fork TD_tb_i2c_slave.i2c_stop, S_000001b4159c2660;
    %join;
    %vpi_call 2 184 "$display", "  ACKs addr=%b reg=%b data=%b", v000001b415ac8da0_0, v000001b415acbfd0_0, v000001b415acb030_0 {0 0 0};
    %delay 800000, 0;
    %end;
    .scope S_000001b415a69a30;
T_7 ;
    %wait E_000001b415a5d5c0;
    %load/vec4 v000001b415ac97a0_0;
    %nor/r;
    %flag_set/vec4 8;
    %jmp/0xz  T_7.0, 8;
    %pushi/vec4 1, 0, 1;
    %assign/vec4 v000001b415ac8ee0_0, 0;
    %pushi/vec4 1, 0, 1;
    %assign/vec4 v000001b415ac9480_0, 0;
    %jmp T_7.1;
T_7.0 ;
    %load/vec4 v000001b415ac9a20_0;
    %assign/vec4 v000001b415ac8ee0_0, 0;
    %load/vec4 v000001b415ac8440_0;
    %assign/vec4 v000001b415ac9480_0, 0;
T_7.1 ;
    %jmp T_7;
    .thread T_7;
    .scope S_000001b415a69a30;
T_8 ;
    %wait E_000001b415a5d780;
    %load/vec4 v000001b415ac9700_0;
    %dup/vec4;
    %pushi/vec4 11, 0, 4;
    %cmp/u;
    %jmp/1 T_8.0, 6;
    %dup/vec4;
    %pushi/vec4 12, 0, 4;
    %cmp/u;
    %jmp/1 T_8.1, 6;
    %load/vec4 v000001b415ac9700_0;
    %pad/u 5;
    %ix/vec4 4;
    %load/vec4a v000001b415ac93e0, 4;
    %store/vec4 v000001b415ac9fc0_0, 0, 8;
    %jmp T_8.3;
T_8.0 ;
    %load/vec4 v000001b415a4fc30_0;
    %store/vec4 v000001b415ac9fc0_0, 0, 8;
    %jmp T_8.3;
T_8.1 ;
    %pushi/vec4 0, 0, 5;
    %load/vec4 v000001b415a4faf0_0;
    %concat/vec4; draw_concat_vec4
    %store/vec4 v000001b415ac9fc0_0, 0, 8;
    %jmp T_8.3;
T_8.3 ;
    %pop/vec4 1;
    %jmp T_8;
    .thread T_8, $push;
    .scope S_000001b415a69a30;
T_9 ;
    %wait E_000001b415a5d5c0;
    %load/vec4 v000001b415ac97a0_0;
    %nor/r;
    %flag_set/vec4 8;
    %jmp/0xz  T_9.0, 8;
    %pushi/vec4 0, 0, 1;
    %assign/vec4 v000001b415ac9b60_0, 0;
    %pushi/vec4 0, 0, 3;
    %assign/vec4 v000001b415ac8800_0, 0;
    %jmp T_9.1;
T_9.0 ;
    %load/vec4 v000001b415ac9160_0;
    %flag_set/vec4 9;
    %flag_get/vec4 9;
    %jmp/0 T_9.4, 9;
    %load/vec4 v000001b415ac9840_0;
    %cmpi/e 2, 0, 4;
    %jmp/1 T_9.6, 4;
    %flag_mov 9, 4;
    %load/vec4 v000001b415ac9840_0;
    %cmpi/e 4, 0, 4;
    %flag_or 4, 9;
T_9.6;
    %flag_get/vec4 4;
    %jmp/1 T_9.5, 4;
    %load/vec4 v000001b415ac9840_0;
    %pushi/vec4 6, 0, 4;
    %cmp/e;
    %flag_get/vec4 4;
    %or;
T_9.5;
    %and;
T_9.4;
    %flag_set/vec4 8;
    %jmp/0xz  T_9.2, 8;
    %pushi/vec4 1, 0, 1;
    %assign/vec4 v000001b415ac9b60_0, 0;
    %pushi/vec4 0, 0, 3;
    %assign/vec4 v000001b415ac8800_0, 0;
    %jmp T_9.3;
T_9.2 ;
    %load/vec4 v000001b415ac9b60_0;
    %flag_set/vec4 8;
    %jmp/0xz  T_9.7, 8;
    %load/vec4 v000001b415ac8800_0;
    %addi 1, 0, 3;
    %assign/vec4 v000001b415ac8800_0, 0;
    %load/vec4 v000001b415ac8800_0;
    %cmpi/e 3, 0, 3;
    %jmp/0xz  T_9.9, 4;
    %pushi/vec4 0, 0, 1;
    %assign/vec4 v000001b415ac9b60_0, 0;
T_9.9 ;
T_9.7 ;
T_9.3 ;
T_9.1 ;
    %jmp T_9;
    .thread T_9;
    .scope S_000001b415a69a30;
T_10 ;
    %wait E_000001b415a5d5c0;
    %load/vec4 v000001b415ac97a0_0;
    %nor/r;
    %flag_set/vec4 8;
    %jmp/0xz  T_10.0, 8;
    %pushi/vec4 0, 0, 4;
    %assign/vec4 v000001b415ac9840_0, 0;
    %pushi/vec4 0, 0, 3;
    %assign/vec4 v000001b415a4f870_0, 0;
    %pushi/vec4 0, 0, 8;
    %assign/vec4 v000001b415ac8260_0, 0;
    %pushi/vec4 0, 0, 8;
    %assign/vec4 v000001b415ac8a80_0, 0;
    %pushi/vec4 0, 0, 4;
    %assign/vec4 v000001b415ac9700_0, 0;
    %pushi/vec4 0, 0, 1;
    %assign/vec4 v000001b415ac8e40_0, 0;
    %pushi/vec4 0, 0, 1;
    %assign/vec4 v000001b415ac9980_0, 0;
    %pushi/vec4 0, 0, 1;
    %assign/vec4 v000001b415ac98e0_0, 0;
    %pushi/vec4 0, 0, 8;
    %assign/vec4 v000001b415ac8760_0, 0;
    %pushi/vec4 0, 0, 3;
    %assign/vec4 v000001b415ac9660_0, 0;
    %jmp T_10.1;
T_10.0 ;
    %pushi/vec4 0, 0, 1;
    %assign/vec4 v000001b415ac9980_0, 0;
    %load/vec4 v000001b415ac8f80_0;
    %flag_set/vec4 9;
    %flag_get/vec4 9;
    %jmp/0 T_10.4, 9;
    %load/vec4 v000001b415ac9b60_0;
    %nor/r;
    %and;
T_10.4;
    %flag_set/vec4 8;
    %jmp/0xz  T_10.2, 8;
    %pushi/vec4 0, 0, 4;
    %assign/vec4 v000001b415ac9840_0, 0;
    %pushi/vec4 0, 0, 1;
    %assign/vec4 v000001b415ac98e0_0, 0;
    %pushi/vec4 0, 0, 3;
    %assign/vec4 v000001b415a4f870_0, 0;
    %pushi/vec4 0, 0, 3;
    %assign/vec4 v000001b415ac9660_0, 0;
    %jmp T_10.3;
T_10.2 ;
    %load/vec4 v000001b415ac9840_0;
    %dup/vec4;
    %pushi/vec4 0, 0, 4;
    %cmp/u;
    %jmp/1 T_10.5, 6;
    %dup/vec4;
    %pushi/vec4 1, 0, 4;
    %cmp/u;
    %jmp/1 T_10.6, 6;
    %dup/vec4;
    %pushi/vec4 2, 0, 4;
    %cmp/u;
    %jmp/1 T_10.7, 6;
    %dup/vec4;
    %pushi/vec4 3, 0, 4;
    %cmp/u;
    %jmp/1 T_10.8, 6;
    %dup/vec4;
    %pushi/vec4 4, 0, 4;
    %cmp/u;
    %jmp/1 T_10.9, 6;
    %dup/vec4;
    %pushi/vec4 5, 0, 4;
    %cmp/u;
    %jmp/1 T_10.10, 6;
    %dup/vec4;
    %pushi/vec4 6, 0, 4;
    %cmp/u;
    %jmp/1 T_10.11, 6;
    %dup/vec4;
    %pushi/vec4 7, 0, 4;
    %cmp/u;
    %jmp/1 T_10.12, 6;
    %dup/vec4;
    %pushi/vec4 8, 0, 4;
    %cmp/u;
    %jmp/1 T_10.13, 6;
    %jmp T_10.14;
T_10.5 ;
    %pushi/vec4 0, 0, 1;
    %assign/vec4 v000001b415ac98e0_0, 0;
    %load/vec4 v000001b415ac9200_0;
    %flag_set/vec4 8;
    %jmp/0xz  T_10.15, 8;
    %pushi/vec4 1, 0, 4;
    %assign/vec4 v000001b415ac9840_0, 0;
    %pushi/vec4 0, 0, 3;
    %assign/vec4 v000001b415a4f870_0, 0;
    %pushi/vec4 0, 0, 8;
    %assign/vec4 v000001b415ac8260_0, 0;
T_10.15 ;
    %jmp T_10.14;
T_10.6 ;
    %load/vec4 v000001b415ac9160_0;
    %flag_set/vec4 8;
    %jmp/0xz  T_10.17, 8;
    %load/vec4 v000001b415ac8260_0;
    %parti/s 7, 0, 2;
    %load/vec4 v000001b415ac8440_0;
    %concat/vec4; draw_concat_vec4
    %assign/vec4 v000001b415ac8260_0, 0;
    %load/vec4 v000001b415a4f870_0;
    %cmpi/e 7, 0, 3;
    %jmp/0xz  T_10.19, 4;
    %load/vec4 v000001b415ac8260_0;
    %parti/s 7, 0, 2;
    %load/vec4 v000001b415ac8440_0;
    %concat/vec4; draw_concat_vec4
    %assign/vec4 v000001b415ac8a80_0, 0;
    %pushi/vec4 0, 0, 3;
    %assign/vec4 v000001b415a4f870_0, 0;
    %load/vec4 v000001b415ac8260_0;
    %parti/s 7, 0, 2;
    %cmpi/e 72, 0, 7;
    %jmp/0xz  T_10.21, 4;
    %load/vec4 v000001b415ac8440_0;
    %assign/vec4 v000001b415ac8e40_0, 0;
    %pushi/vec4 2, 0, 4;
    %assign/vec4 v000001b415ac9840_0, 0;
    %jmp T_10.22;
T_10.21 ;
    %pushi/vec4 0, 0, 4;
    %assign/vec4 v000001b415ac9840_0, 0;
T_10.22 ;
    %jmp T_10.20;
T_10.19 ;
    %load/vec4 v000001b415a4f870_0;
    %addi 1, 0, 3;
    %assign/vec4 v000001b415a4f870_0, 0;
T_10.20 ;
T_10.17 ;
    %jmp T_10.14;
T_10.7 ;
    %load/vec4 v000001b415ac88a0_0;
    %flag_set/vec4 8;
    %jmp/0xz  T_10.23, 8;
    %pushi/vec4 1, 0, 1;
    %assign/vec4 v000001b415ac98e0_0, 0;
T_10.23 ;
    %load/vec4 v000001b415ac9160_0;
    %flag_set/vec4 8;
    %jmp/0xz  T_10.25, 8;
    %pushi/vec4 0, 0, 1;
    %assign/vec4 v000001b415ac98e0_0, 0;
    %pushi/vec4 0, 0, 3;
    %assign/vec4 v000001b415a4f870_0, 0;
    %load/vec4 v000001b415ac8e40_0;
    %cmpi/e 0, 0, 1;
    %jmp/0xz  T_10.27, 4;
    %pushi/vec4 3, 0, 4;
    %assign/vec4 v000001b415ac9840_0, 0;
    %jmp T_10.28;
T_10.27 ;
    %load/vec4 v000001b415ac9fc0_0;
    %assign/vec4 v000001b415ac8760_0, 0;
    %pushi/vec4 0, 0, 3;
    %assign/vec4 v000001b415ac9660_0, 0;
    %pushi/vec4 7, 0, 4;
    %assign/vec4 v000001b415ac9840_0, 0;
T_10.28 ;
T_10.25 ;
    %jmp T_10.14;
T_10.8 ;
    %load/vec4 v000001b415ac9160_0;
    %flag_set/vec4 8;
    %jmp/0xz  T_10.29, 8;
    %load/vec4 v000001b415ac8260_0;
    %parti/s 7, 0, 2;
    %load/vec4 v000001b415ac8440_0;
    %concat/vec4; draw_concat_vec4
    %assign/vec4 v000001b415ac8260_0, 0;
    %load/vec4 v000001b415a4f870_0;
    %cmpi/e 7, 0, 3;
    %jmp/0xz  T_10.31, 4;
    %load/vec4 v000001b415ac8260_0;
    %parti/s 3, 0, 2;
    %load/vec4 v000001b415ac8440_0;
    %concat/vec4; draw_concat_vec4
    %assign/vec4 v000001b415ac9700_0, 0;
    %pushi/vec4 0, 0, 3;
    %assign/vec4 v000001b415a4f870_0, 0;
    %pushi/vec4 4, 0, 4;
    %assign/vec4 v000001b415ac9840_0, 0;
    %jmp T_10.32;
T_10.31 ;
    %load/vec4 v000001b415a4f870_0;
    %addi 1, 0, 3;
    %assign/vec4 v000001b415a4f870_0, 0;
T_10.32 ;
T_10.29 ;
    %jmp T_10.14;
T_10.9 ;
    %load/vec4 v000001b415ac88a0_0;
    %flag_set/vec4 8;
    %jmp/0xz  T_10.33, 8;
    %pushi/vec4 1, 0, 1;
    %assign/vec4 v000001b415ac98e0_0, 0;
T_10.33 ;
    %load/vec4 v000001b415ac9160_0;
    %flag_set/vec4 8;
    %jmp/0xz  T_10.35, 8;
    %pushi/vec4 0, 0, 1;
    %assign/vec4 v000001b415ac98e0_0, 0;
    %pushi/vec4 0, 0, 3;
    %assign/vec4 v000001b415a4f870_0, 0;
    %pushi/vec4 5, 0, 4;
    %assign/vec4 v000001b415ac9840_0, 0;
T_10.35 ;
    %jmp T_10.14;
T_10.10 ;
    %load/vec4 v000001b415ac9160_0;
    %flag_set/vec4 8;
    %jmp/0xz  T_10.37, 8;
    %load/vec4 v000001b415ac8260_0;
    %parti/s 7, 0, 2;
    %load/vec4 v000001b415ac8440_0;
    %concat/vec4; draw_concat_vec4
    %assign/vec4 v000001b415ac8260_0, 0;
    %load/vec4 v000001b415a4f870_0;
    %cmpi/e 7, 0, 3;
    %jmp/0xz  T_10.39, 4;
    %load/vec4 v000001b415ac8260_0;
    %parti/s 7, 0, 2;
    %load/vec4 v000001b415ac8440_0;
    %concat/vec4; draw_concat_vec4
    %assign/vec4 v000001b415ac8a80_0, 0;
    %pushi/vec4 1, 0, 1;
    %assign/vec4 v000001b415ac9980_0, 0;
    %pushi/vec4 0, 0, 3;
    %assign/vec4 v000001b415a4f870_0, 0;
    %pushi/vec4 6, 0, 4;
    %assign/vec4 v000001b415ac9840_0, 0;
    %jmp T_10.40;
T_10.39 ;
    %load/vec4 v000001b415a4f870_0;
    %addi 1, 0, 3;
    %assign/vec4 v000001b415a4f870_0, 0;
T_10.40 ;
T_10.37 ;
    %jmp T_10.14;
T_10.11 ;
    %load/vec4 v000001b415ac88a0_0;
    %flag_set/vec4 8;
    %jmp/0xz  T_10.41, 8;
    %pushi/vec4 1, 0, 1;
    %assign/vec4 v000001b415ac98e0_0, 0;
T_10.41 ;
    %load/vec4 v000001b415ac9160_0;
    %flag_set/vec4 8;
    %jmp/0xz  T_10.43, 8;
    %pushi/vec4 0, 0, 1;
    %assign/vec4 v000001b415ac98e0_0, 0;
    %pushi/vec4 0, 0, 4;
    %assign/vec4 v000001b415ac9840_0, 0;
    %pushi/vec4 0, 0, 3;
    %assign/vec4 v000001b415a4f870_0, 0;
T_10.43 ;
    %jmp T_10.14;
T_10.12 ;
    %load/vec4 v000001b415ac88a0_0;
    %flag_set/vec4 8;
    %jmp/0xz  T_10.45, 8;
    %load/vec4 v000001b415ac8760_0;
    %parti/s 1, 7, 4;
    %inv;
    %assign/vec4 v000001b415ac98e0_0, 0;
    %load/vec4 v000001b415ac8760_0;
    %parti/s 7, 0, 2;
    %concati/vec4 0, 0, 1;
    %assign/vec4 v000001b415ac8760_0, 0;
T_10.45 ;
    %load/vec4 v000001b415ac9160_0;
    %flag_set/vec4 8;
    %jmp/0xz  T_10.47, 8;
    %load/vec4 v000001b415ac9660_0;
    %cmpi/e 7, 0, 3;
    %jmp/0xz  T_10.49, 4;
    %pushi/vec4 0, 0, 1;
    %assign/vec4 v000001b415ac98e0_0, 0;
    %pushi/vec4 0, 0, 3;
    %assign/vec4 v000001b415ac9660_0, 0;
    %pushi/vec4 8, 0, 4;
    %assign/vec4 v000001b415ac9840_0, 0;
    %jmp T_10.50;
T_10.49 ;
    %load/vec4 v000001b415ac9660_0;
    %addi 1, 0, 3;
    %assign/vec4 v000001b415ac9660_0, 0;
T_10.50 ;
T_10.47 ;
    %jmp T_10.14;
T_10.13 ;
    %pushi/vec4 0, 0, 1;
    %assign/vec4 v000001b415ac98e0_0, 0;
    %load/vec4 v000001b415ac9160_0;
    %flag_set/vec4 8;
    %jmp/0xz  T_10.51, 8;
    %pushi/vec4 0, 0, 4;
    %assign/vec4 v000001b415ac9840_0, 0;
T_10.51 ;
    %jmp T_10.14;
T_10.14 ;
    %pop/vec4 1;
T_10.3 ;
T_10.1 ;
    %jmp T_10;
    .thread T_10;
    .scope S_000001b415a69a30;
T_11 ;
    %wait E_000001b415a5d5c0;
    %load/vec4 v000001b415ac97a0_0;
    %nor/r;
    %flag_set/vec4 8;
    %jmp/0xz  T_11.0, 8;
    %load/vec4 v000001b415ac9340_0;
    %ix/load 3, 0, 0;
    %flag_set/imm 4, 0;
    %ix/load 4, 0, 0; Constant delay
    %assign/vec4/a/d v000001b415ac93e0, 0, 4;
    %load/vec4 v000001b415ac9de0_0;
    %ix/load 3, 1, 0;
    %flag_set/imm 4, 0;
    %ix/load 4, 0, 0; Constant delay
    %assign/vec4/a/d v000001b415ac93e0, 0, 4;
    %load/vec4 v000001b415ac8580_0;
    %ix/load 3, 2, 0;
    %flag_set/imm 4, 0;
    %ix/load 4, 0, 0; Constant delay
    %assign/vec4/a/d v000001b415ac93e0, 0, 4;
    %load/vec4 v000001b415ac9d40_0;
    %ix/load 3, 3, 0;
    %flag_set/imm 4, 0;
    %ix/load 4, 0, 0; Constant delay
    %assign/vec4/a/d v000001b415ac93e0, 0, 4;
    %load/vec4 v000001b415ac9c00_0;
    %ix/load 3, 4, 0;
    %flag_set/imm 4, 0;
    %ix/load 4, 0, 0; Constant delay
    %assign/vec4/a/d v000001b415ac93e0, 0, 4;
    %load/vec4 v000001b415ac9ac0_0;
    %ix/load 3, 5, 0;
    %flag_set/imm 4, 0;
    %ix/load 4, 0, 0; Constant delay
    %assign/vec4/a/d v000001b415ac93e0, 0, 4;
    %load/vec4 v000001b415ac8940_0;
    %ix/load 3, 6, 0;
    %flag_set/imm 4, 0;
    %ix/load 4, 0, 0; Constant delay
    %assign/vec4/a/d v000001b415ac93e0, 0, 4;
    %load/vec4 v000001b415a4feb0_0;
    %ix/load 3, 7, 0;
    %flag_set/imm 4, 0;
    %ix/load 4, 0, 0; Constant delay
    %assign/vec4/a/d v000001b415ac93e0, 0, 4;
    %load/vec4 v000001b415a4f730_0;
    %parti/s 8, 0, 2;
    %ix/load 3, 8, 0;
    %flag_set/imm 4, 0;
    %ix/load 4, 0, 0; Constant delay
    %assign/vec4/a/d v000001b415ac93e0, 0, 4;
    %load/vec4 v000001b415a4f730_0;
    %parti/s 8, 8, 5;
    %ix/load 3, 9, 0;
    %flag_set/imm 4, 0;
    %ix/load 4, 0, 0; Constant delay
    %assign/vec4/a/d v000001b415ac93e0, 0, 4;
    %pushi/vec4 0, 0, 8;
    %ix/load 3, 10, 0;
    %flag_set/imm 4, 0;
    %ix/load 4, 0, 0; Constant delay
    %assign/vec4/a/d v000001b415ac93e0, 0, 4;
    %pushi/vec4 0, 0, 8;
    %ix/load 3, 11, 0;
    %flag_set/imm 4, 0;
    %ix/load 4, 0, 0; Constant delay
    %assign/vec4/a/d v000001b415ac93e0, 0, 4;
    %pushi/vec4 0, 0, 8;
    %ix/load 3, 12, 0;
    %flag_set/imm 4, 0;
    %ix/load 4, 0, 0; Constant delay
    %assign/vec4/a/d v000001b415ac93e0, 0, 4;
    %pushi/vec4 0, 0, 8;
    %ix/load 3, 13, 0;
    %flag_set/imm 4, 0;
    %ix/load 4, 0, 0; Constant delay
    %assign/vec4/a/d v000001b415ac93e0, 0, 4;
    %jmp T_11.1;
T_11.0 ;
    %load/vec4 v000001b415ac9980_0;
    %flag_set/vec4 9;
    %flag_get/vec4 9;
    %jmp/0 T_11.4, 9;
    %load/vec4 v000001b415ac8e40_0;
    %nor/r;
    %and;
T_11.4;
    %flag_set/vec4 8;
    %jmp/0xz  T_11.2, 8;
    %load/vec4 v000001b415ac9700_0;
    %cmpi/e 14, 0, 4;
    %flag_get/vec4 4;
    %jmp/0 T_11.7, 4;
    %load/vec4 v000001b415ac8a80_0;
    %pushi/vec4 255, 0, 8;
    %cmp/e;
    %flag_get/vec4 4;
    %and;
T_11.7;
    %flag_set/vec4 8;
    %jmp/0xz  T_11.5, 8;
    %load/vec4 v000001b415ac9340_0;
    %ix/load 3, 0, 0;
    %flag_set/imm 4, 0;
    %ix/load 4, 0, 0; Constant delay
    %assign/vec4/a/d v000001b415ac93e0, 0, 4;
    %load/vec4 v000001b415ac9de0_0;
    %ix/load 3, 1, 0;
    %flag_set/imm 4, 0;
    %ix/load 4, 0, 0; Constant delay
    %assign/vec4/a/d v000001b415ac93e0, 0, 4;
    %load/vec4 v000001b415ac8580_0;
    %ix/load 3, 2, 0;
    %flag_set/imm 4, 0;
    %ix/load 4, 0, 0; Constant delay
    %assign/vec4/a/d v000001b415ac93e0, 0, 4;
    %load/vec4 v000001b415ac9d40_0;
    %ix/load 3, 3, 0;
    %flag_set/imm 4, 0;
    %ix/load 4, 0, 0; Constant delay
    %assign/vec4/a/d v000001b415ac93e0, 0, 4;
    %load/vec4 v000001b415ac9c00_0;
    %ix/load 3, 4, 0;
    %flag_set/imm 4, 0;
    %ix/load 4, 0, 0; Constant delay
    %assign/vec4/a/d v000001b415ac93e0, 0, 4;
    %load/vec4 v000001b415ac9ac0_0;
    %ix/load 3, 5, 0;
    %flag_set/imm 4, 0;
    %ix/load 4, 0, 0; Constant delay
    %assign/vec4/a/d v000001b415ac93e0, 0, 4;
    %load/vec4 v000001b415ac8940_0;
    %ix/load 3, 6, 0;
    %flag_set/imm 4, 0;
    %ix/load 4, 0, 0; Constant delay
    %assign/vec4/a/d v000001b415ac93e0, 0, 4;
    %load/vec4 v000001b415a4feb0_0;
    %ix/load 3, 7, 0;
    %flag_set/imm 4, 0;
    %ix/load 4, 0, 0; Constant delay
    %assign/vec4/a/d v000001b415ac93e0, 0, 4;
    %load/vec4 v000001b415a4f730_0;
    %parti/s 8, 0, 2;
    %ix/load 3, 8, 0;
    %flag_set/imm 4, 0;
    %ix/load 4, 0, 0; Constant delay
    %assign/vec4/a/d v000001b415ac93e0, 0, 4;
    %load/vec4 v000001b415a4f730_0;
    %parti/s 8, 8, 5;
    %ix/load 3, 9, 0;
    %flag_set/imm 4, 0;
    %ix/load 4, 0, 0; Constant delay
    %assign/vec4/a/d v000001b415ac93e0, 0, 4;
    %jmp T_11.6;
T_11.5 ;
    %load/vec4 v000001b415ac8a80_0;
    %load/vec4 v000001b415ac9700_0;
    %pad/u 5;
    %ix/vec4 3;
    %ix/load 4, 0, 0; Constant delay
    %assign/vec4/a/d v000001b415ac93e0, 0, 4;
T_11.6 ;
T_11.2 ;
T_11.1 ;
    %jmp T_11;
    .thread T_11;
    .scope S_000001b415a65200;
T_12 ;
    %pushi/vec4 150, 0, 8;
    %store/vec4 v000001b415acadb0_0, 0, 8;
    %pushi/vec4 150, 0, 8;
    %store/vec4 v000001b415acbc10_0, 0, 8;
    %pushi/vec4 80, 0, 8;
    %store/vec4 v000001b415acb490_0, 0, 8;
    %pushi/vec4 80, 0, 8;
    %store/vec4 v000001b415aca270_0, 0, 8;
    %pushi/vec4 200, 0, 8;
    %store/vec4 v000001b415acbcb0_0, 0, 8;
    %pushi/vec4 200, 0, 8;
    %store/vec4 v000001b415acb0d0_0, 0, 8;
    %pushi/vec4 180, 0, 8;
    %store/vec4 v000001b415acae50_0, 0, 8;
    %pushi/vec4 10, 0, 8;
    %store/vec4 v000001b415acbb70_0, 0, 8;
    %pushi/vec4 10000, 0, 16;
    %store/vec4 v000001b415acb2b0_0, 0, 16;
    %pushi/vec4 0, 0, 8;
    %store/vec4 v000001b415aca4f0_0, 0, 8;
    %pushi/vec4 1, 0, 3;
    %store/vec4 v000001b415acb210_0, 0, 3;
    %end;
    .thread T_12;
    .scope S_000001b415a65200;
T_13 ;
    %pushi/vec4 0, 0, 1;
    %store/vec4 v000001b415acb850_0, 0, 1;
    %end;
    .thread T_13;
    .scope S_000001b415a65200;
T_14 ;
    %delay 5000, 0;
    %load/vec4 v000001b415acb850_0;
    %inv;
    %store/vec4 v000001b415acb850_0, 0, 1;
    %jmp T_14;
    .thread T_14;
    .scope S_000001b415a65200;
T_15 ;
    %vpi_call 2 70 "$dumpfile", "tb_i2c_slave.vcd" {0 0 0};
    %vpi_call 2 71 "$dumpvars", 32'sb00000000000000000000000000000000, S_000001b415a65200 {0 0 0};
    %end;
    .thread T_15;
    .scope S_000001b415a65200;
T_16 ;
    %wait E_000001b415a5d540;
    %vpi_call 2 76 "$display", "  state=%0d t=%0t", v000001b415ac9840_0, $time {0 0 0};
    %jmp T_16;
    .thread T_16, $push;
    .scope S_000001b415a65200;
T_17 ;
    %wait E_000001b415a5ce80;
    %vpi_call 2 79 "$display", "  TRANSACTION COMPLETE t=%0t reg=0x%01h data=0x%02h", $time, v000001b415ac9700_0, v000001b415ac8a80_0 {0 0 0};
    %jmp T_17;
    .thread T_17;
    .scope S_000001b415a65200;
T_18 ;
    %wait E_000001b415a5d540;
    %vpi_call 2 216 "$display", "  state=%0d t=%0t bit_cnt=%0d shift=0x%02h", v000001b415ac9840_0, $time, v000001b415a4f870_0, v000001b415ac8260_0 {0 0 0};
    %jmp T_18;
    .thread T_18, $push;
    .scope S_000001b415a65200;
T_19 ;
    %wait E_000001b415a5d300;
    %load/vec4 v000001b415ac9840_0;
    %pad/u 32;
    %cmpi/e 2, 0, 32;
    %jmp/0xz  T_19.0, 4;
    %vpi_call 2 220 "$display", "  ADDR_ACK rw=%b", v000001b415ac8e40_0 {0 0 0};
T_19.0 ;
    %jmp T_19;
    .thread T_19;
    .scope S_000001b415a65200;
T_20 ;
    %wait E_000001b415a5cac0;
    %load/vec4 v000001b415ac9200_0;
    %flag_set/vec4 8;
    %jmp/0xz  T_20.0, 8;
    %vpi_call 2 223 "$display", "  START_DET t=%0t state=%0d", $time, v000001b415ac9840_0 {0 0 0};
T_20.0 ;
    %jmp T_20;
    .thread T_20, $push;
    .scope S_000001b415a65200;
T_21 ;
    %pushi/vec4 0, 0, 1;
    %store/vec4 v000001b415aca6d0_0, 0, 1;
    %pushi/vec4 0, 0, 1;
    %store/vec4 v000001b415acab30_0, 0, 1;
    %pushi/vec4 0, 0, 1;
    %store/vec4 v000001b415acaf90_0, 0, 1;
    %pushi/vec4 0, 0, 1;
    %store/vec4 v000001b415aca630_0, 0, 1;
    %delay 40000, 0;
    %pushi/vec4 1, 0, 1;
    %store/vec4 v000001b415aca6d0_0, 0, 1;
    %pushi/vec4 1, 0, 1;
    %store/vec4 v000001b415acab30_0, 0, 1;
    %delay 200000, 0;
    %vpi_call 2 235 "$display", "\0121: analog mode passthrough" {0 0 0};
    %pushi/vec4 0, 0, 1;
    %store/vec4 v000001b415acab30_0, 0, 1;
    %delay 100000, 0;
    %vpi_call 2 238 "$display", "  v_ref_oc_a=%0d (expect 150)", v000001b415acbad0_0 {0 0 0};
    %vpi_call 2 239 "$display", "  v_ref_ov_a=%0d (expect 200)", v000001b415acb3f0_0 {0 0 0};
    %pushi/vec4 1, 0, 1;
    %store/vec4 v000001b415acab30_0, 0, 1;
    %delay 200000, 0;
    %vpi_call 2 244 "$display", "\0122: write OC_THRESH_A (reg 0x00) = 120" {0 0 0};
    %pushi/vec4 72, 0, 7;
    %store/vec4 v000001b415acb170_0, 0, 7;
    %pushi/vec4 0, 0, 4;
    %store/vec4 v000001b415acb8f0_0, 0, 4;
    %pushi/vec4 120, 0, 8;
    %store/vec4 v000001b415aca450_0, 0, 8;
    %fork TD_tb_i2c_slave.i2c_write, S_000001b4159c27f0;
    %join;
    %delay 200000, 0;
    %vpi_call 2 247 "$display", "  v_ref_oc_a=%0d (expect 120)", v000001b415acbad0_0 {0 0 0};
    %vpi_call 2 250 "$display", "\0123: write OV_THRESH_B (reg 0x03) = 230" {0 0 0};
    %pushi/vec4 72, 0, 7;
    %store/vec4 v000001b415acb170_0, 0, 7;
    %pushi/vec4 3, 0, 4;
    %store/vec4 v000001b415acb8f0_0, 0, 4;
    %pushi/vec4 230, 0, 8;
    %store/vec4 v000001b415aca450_0, 0, 8;
    %fork TD_tb_i2c_slave.i2c_write, S_000001b4159c27f0;
    %join;
    %delay 200000, 0;
    %vpi_call 2 253 "$display", "  v_ref_ov_b=%0d (expect 230)", v000001b415aca8b0_0 {0 0 0};
    %vpi_call 2 256 "$display", "\0124: read FAULT_STATUS (reg 0x0B)" {0 0 0};
    %pushi/vec4 5, 0, 8;
    %store/vec4 v000001b415aca4f0_0, 0, 8;
    %delay 100000, 0;
    %pushi/vec4 72, 0, 7;
    %store/vec4 v000001b415ac8bc0_0, 0, 7;
    %pushi/vec4 11, 0, 4;
    %store/vec4 v000001b415ac83a0_0, 0, 4;
    %fork TD_tb_i2c_slave.i2c_read, S_000001b415a26fe0;
    %join;
    %load/vec4 v000001b415ac9020_0;
    %store/vec4 v000001b415acb990_0, 0, 8;
    %vpi_call 2 260 "$display", "  fault_status=%0d (expect 5)", v000001b415acb990_0 {0 0 0};
    %vpi_call 2 263 "$display", "\0125: read FSM_STATE (reg 0x0C)" {0 0 0};
    %pushi/vec4 3, 0, 3;
    %store/vec4 v000001b415acb210_0, 0, 3;
    %delay 100000, 0;
    %pushi/vec4 72, 0, 7;
    %store/vec4 v000001b415ac8bc0_0, 0, 7;
    %pushi/vec4 12, 0, 4;
    %store/vec4 v000001b415ac83a0_0, 0, 4;
    %fork TD_tb_i2c_slave.i2c_read, S_000001b415a26fe0;
    %join;
    %load/vec4 v000001b415ac9020_0;
    %store/vec4 v000001b415acb990_0, 0, 8;
    %vpi_call 2 267 "$display", "  fsm_state=%0d (expect 3)", v000001b415acb990_0 {0 0 0};
    %vpi_call 2 270 "$display", "\0126: wrong address 0x49 \342\200\224 ignored" {0 0 0};
    %pushi/vec4 73, 0, 7;
    %store/vec4 v000001b415acb170_0, 0, 7;
    %pushi/vec4 0, 0, 4;
    %store/vec4 v000001b415acb8f0_0, 0, 4;
    %pushi/vec4 50, 0, 8;
    %store/vec4 v000001b415aca450_0, 0, 8;
    %fork TD_tb_i2c_slave.i2c_write, S_000001b4159c27f0;
    %join;
    %delay 200000, 0;
    %vpi_call 2 273 "$display", "  v_ref_oc_a=%0d (expect 120 unchanged)", v000001b415acbad0_0 {0 0 0};
    %vpi_call 2 276 "$display", "\0127: CFG_RESET (reg 0x0E = 0xFF)" {0 0 0};
    %pushi/vec4 72, 0, 7;
    %store/vec4 v000001b415acb170_0, 0, 7;
    %pushi/vec4 14, 0, 4;
    %store/vec4 v000001b415acb8f0_0, 0, 4;
    %pushi/vec4 255, 0, 8;
    %store/vec4 v000001b415aca450_0, 0, 8;
    %fork TD_tb_i2c_slave.i2c_write, S_000001b4159c27f0;
    %join;
    %delay 200000, 0;
    %vpi_call 2 279 "$display", "  v_ref_oc_a=%0d (expect 150 default)", v000001b415acbad0_0 {0 0 0};
    %vpi_call 2 280 "$display", "  v_ref_ov_b=%0d (expect 200 default)", v000001b415aca8b0_0 {0 0 0};
    %vpi_call 2 283 "$display", "\0128: sequential writes" {0 0 0};
    %pushi/vec4 72, 0, 7;
    %store/vec4 v000001b415acb170_0, 0, 7;
    %pushi/vec4 0, 0, 4;
    %store/vec4 v000001b415acb8f0_0, 0, 4;
    %pushi/vec4 100, 0, 8;
    %store/vec4 v000001b415aca450_0, 0, 8;
    %fork TD_tb_i2c_slave.i2c_write, S_000001b4159c27f0;
    %join;
    %pushi/vec4 72, 0, 7;
    %store/vec4 v000001b415acb170_0, 0, 7;
    %pushi/vec4 1, 0, 4;
    %store/vec4 v000001b415acb8f0_0, 0, 4;
    %pushi/vec4 110, 0, 8;
    %store/vec4 v000001b415aca450_0, 0, 8;
    %fork TD_tb_i2c_slave.i2c_write, S_000001b4159c27f0;
    %join;
    %pushi/vec4 72, 0, 7;
    %store/vec4 v000001b415acb170_0, 0, 7;
    %pushi/vec4 4, 0, 4;
    %store/vec4 v000001b415acb8f0_0, 0, 4;
    %pushi/vec4 60, 0, 8;
    %store/vec4 v000001b415aca450_0, 0, 8;
    %fork TD_tb_i2c_slave.i2c_write, S_000001b4159c27f0;
    %join;
    %delay 200000, 0;
    %vpi_call 2 288 "$display", "  v_ref_oc_a=%0d (expect 100)", v000001b415acbad0_0 {0 0 0};
    %vpi_call 2 289 "$display", "  v_ref_oc_b=%0d (expect 110)", v000001b415acaef0_0 {0 0 0};
    %vpi_call 2 290 "$display", "  v_ref_uv_a=%0d (expect 60)", v000001b415aca310_0 {0 0 0};
    %vpi_call 2 293 "$display", "\0129: analog mode ignores registers" {0 0 0};
    %pushi/vec4 0, 0, 1;
    %store/vec4 v000001b415acab30_0, 0, 1;
    %delay 100000, 0;
    %vpi_call 2 296 "$display", "  v_ref_oc_a=%0d (expect 150 default)", v000001b415acbad0_0 {0 0 0};
    %vpi_call 2 298 "$display", "\012done" {0 0 0};
    %vpi_call 2 299 "$finish" {0 0 0};
    %end;
    .thread T_21;
# The file index is used to find the file name in the following table.
:file_names 4;
    "N/A";
    "<interactive>";
    "tb/tb_i2c_slave.v";
    "rtl/i2c_slave.v";
